Component: ARM Compiler 5.06 update 6 (build 750) Tool: armlink [4d35ed]

==============================================================================

Section Cross References

    main.o(RESET) refers to main.o(.text) for Start


==============================================================================

Image Symbol Table

    Local Symbols

    Symbol Name                              Value     Ov Type        Size  Object(Section)

    main.s                                   0x00000000   Number         0  main.o ABSOLUTE
    RESET                                    0x08000000   Section       84  main.o(RESET)
    .text                                    0x08000054   Section      432  main.o(.text)
    Start                                    0x08000055   Thumb Code     0  main.o(.text)
    NMI_Handler                              0x08000199   Thumb Code     0  main.o(.text)
    HardFault_Handler                        0x0800019b   Thumb Code     0  main.o(.text)
    SysTick_Handler                          0x0800019d   Thumb Code     0  main.o(.text)

    Global Symbols

    Symbol Name                              Value     Ov Type        Size  Object(Section)

    BuildAttributes$$THM_ISAv4$P$D$K$B$S$PE$A:L22UL41UL21$X:L11$S22US41US21$IEEE1$IW$USESV6$~STKCKD$USESV7$~SHL$OSPACE$EBA8$STANDARDLIB$PRES8$EABIv2 0x00000000   Number         0  anon$$obj.o ABSOLUTE



==============================================================================

Memory Map of the image

  Image Entry point : 0x08000055

  Load Region LR_IROM1 (Base: 0x08000000, Size: 0x00000204, Max: 0x00010000, ABSOLUTE)

    Execution Region ER_IROM1 (Exec base: 0x08000000, Load base: 0x08000000, Size: 0x00000204, Max: 0x00010000, ABSOLUTE)

    Exec Addr    Load Addr    Size         Type   Attr      Idx    E Section Name        Object

    0x08000000   0x08000000   0x00000054   Data   RO            1    RESET               main.o
    0x08000054   0x08000054   0x000001b0   Code   RO            2  * .text               main.o


    Execution Region RW_IRAM1 (Exec base: 0x20000000, Load base: 0x08000204, Size: 0x00000000, Max: 0x00005000, ABSOLUTE)

    **** No section assigned to this execution region ****


==============================================================================

Image component sizes


      Code (inc. data)   RO Data    RW Data    ZI Data      Debug   Object Name

       432         72         84          0          0        344   main.o

    ----------------------------------------------------------------------
       432         72         84          0          0        344   Object Totals
         0          0          0          0          0          0   (incl. Generated)
         0          0          0          0          0          0   (incl. Padding)

    ----------------------------------------------------------------------
         0          0          0          0          0          0   Library Totals
         0          0          0          0          0          0   (incl. Padding)

    ----------------------------------------------------------------------

==============================================================================


      Code (inc. data)   RO Data    RW Data    ZI Data      Debug   

       432         72         84          0          0        344   Grand Totals
       432         72         84          0          0        344   ELF Image Totals
       432         72         84          0          0          0   ROM Totals

==============================================================================

    Total RO  Size (Code + RO Data)                  516 (   0.50kB)
    Total RW  Size (RW Data + ZI Data)                 0 (   0.00kB)
    Total ROM Size (Code + RO Data + RW Data)        516 (   0.50kB)

==============================================================================

