<!doctype html public "-//w3c//dtd html 4.0 transitional//en">
<html><head>
<title>Static Call Graph - [.\Objects\USART.axf]</title></head>
<body><HR>
<H1>Static Call Graph for image .\Objects\USART.axf</H1><HR>
<BR><P>#&#060CALLGRAPH&#062# ARM Linker, 5060750: Last Updated: Mon Oct 25 15:50:16 2021
<BR><P>
<H3>Maximum Stack Usage =          0 bytes + Unknown(Functions without stacksize, Untraceable Function Pointers)</H3><H3>
Call chain for Maximum Stack Depth:</H3>

<P>
<H3>
Functions with no stack information
</H3><UL>
 <LI><a href="#[4]">Start</a>
 <LI><a href="#[1]">NMI_Handler</a>
 <LI><a href="#[2]">HardFault_Handler</a>
 <LI><a href="#[3]">SysTick_Handler</a>
</UL>
</UL>
<P>
<H3>
Function Pointers
</H3><UL>
 <LI><a href="#[2]">HardFault_Handler</a> from main.o(.text) referenced from main.o(RESET)
 <LI><a href="#[1]">NMI_Handler</a> from main.o(.text) referenced from main.o(RESET)
 <LI><a href="#[4]">Start</a> from main.o(.text) referenced from main.o(RESET)
 <LI><a href="#[3]">SysTick_Handler</a> from main.o(.text) referenced from main.o(RESET)
</UL>
<P>
<H3>
Global Symbols
</H3><P>
<H3>
Local Symbols
</H3>
<P><STRONG><a name="[4]"></a>Start</STRONG> (Thumb, 0 bytes, Stack size unknown bytes, main.o(.text))

<P><STRONG><a name="[1]"></a>NMI_Handler</STRONG> (Thumb, 0 bytes, Stack size unknown bytes, main.o(.text))
<BR>[Address Reference Count : 1]<UL><LI> main.o(RESET)
</UL>
<P><STRONG><a name="[2]"></a>HardFault_Handler</STRONG> (Thumb, 0 bytes, Stack size unknown bytes, main.o(.text))
<BR>[Address Reference Count : 1]<UL><LI> main.o(RESET)
</UL>
<P><STRONG><a name="[3]"></a>SysTick_Handler</STRONG> (Thumb, 0 bytes, Stack size unknown bytes, main.o(.text))
<BR>[Address Reference Count : 1]<UL><LI> main.o(RESET)
</UL><P>
<H3>
Undefined Global Symbols
</H3><HR></body></html>
